// Jest Snapshot v1, https://jestjs.io/docs/snapshot-testing

exports[`print update notification for Corepack if the latest version is greater than the current 1`] = `
"
   ╭──────────────────────────────────────────────────────────────────────╮
   │                                                                      │
   │                  Update available! 10.0.0 → 11.0.0.                  │
   │                 Changelog: https://pnpm.io/v/11.0.0                  │
   │   To update, run: curl -fsSL https://get.pnpm.io/install.sh | sh -   │
   │                                                                      │
   ╰──────────────────────────────────────────────────────────────────────╯
"
`;

exports[`print update notification for Corepack on Windows 1`] = `
"
   ╭────────────────────────────────────────────────────────────────────────╮
   │                                                                        │
   │                   Update available! 10.0.0 → 11.0.0.                   │
   │                  Changelog: https://pnpm.io/v/11.0.0                   │
   │   To update, run: Invoke-WebRequest https://get.pnpm.io/install.ps1    │
   │                 -UseBasicParsing | Invoke-Expression                   │
   │                                                                        │
   ╰────────────────────────────────────────────────────────────────────────╯
"
`;

exports[`print update notification when PNPM_HOME manages the pnpm in use 1`] = `
"
   ╭─────────────────────────────────────────╮
   │                                         │
   │   Update available! 10.0.0 → 11.0.0.    │
   │   Changelog: https://pnpm.io/v/11.0.0   │
   │    To update, run: pnpm self-update     │
   │                                         │
   ╰─────────────────────────────────────────╯
"
`;

exports[`print update notification when pnpm was installed by another package manager 1`] = `
"
   ╭──────────────────────────────────────────────────────────────────────╮
   │                                                                      │
   │                  Update available! 10.0.0 → 11.0.0.                  │
   │                 Changelog: https://pnpm.io/v/11.0.0                  │
   │   To update, run: curl -fsSL https://get.pnpm.io/install.sh | sh -   │
   │                                                                      │
   ╰──────────────────────────────────────────────────────────────────────╯
"
`;
