---
source: pnpm/crates/cli/tests/suite/init.rs
expression: "package_json_content.replace(pnpm_config::PNPM_VERSION, \"<pnpm-version>\")"
---
{
  "name": "workspace",
  "version": "1.0.0",
  "description": "",
  "main": "index.js",
  "scripts": {
    "test": "echo \"Error: no test specified\" && exit 1"
  },
  "keywords": [],
  "author": "",
  "license": "ISC",
  "devEngines": {
    "packageManager": {
      "name": "pnpm",
      "version": "<pnpm-version>",
      "onFail": "download"
    }
  },
  "packageManager": "pnpm@<pnpm-version>",
  "type": "module"
}
